// Jest Snapshot v1, https://goo.gl/fbAQLP

exports[`Form checkboxes renders correctly 1`] = `
<div
  class="banner__banner-container banner-container"
>
  <div
    class="banner__banner-content banner-content"
  >
    <div
      class="banner__main-title-wrapper main-title-wrapper container"
    >
      <h1
        class="banner__banner-main_title banner-main_title"
      >
        
        Check out our 
        <br />
         
        <span
          class="banner__main-title-white_part main-title-white_part"
        >
           50+ 
          <br
            class="banner__small-screen-break"
          />
           implemented 
          <br />
           projects!
        </span>
      </h1>
    </div>
     
    <div
      class="navigation-wrap container navigation-wrap-/"
    >
      <nav
        class="navigation-list navigation-list-/"
      >
        <router-link-stub
          class="navigation-item"
          to="services#remote-tech-staff"
        >
          Remote Tech 
          <span
            class="mobile_hidden"
          >
            Staff
          </span>
        </router-link-stub>
         
        <router-link-stub
          class="navigation-item"
          to="services#software-development"
        >
          Software Development
        </router-link-stub>
         
        <router-link-stub
          class="navigation-item"
          to="services#infrastructure-optimisation"
        >
          Infrastructure Optimization
        </router-link-stub>
         
        <router-link-stub
          class="navigation-item"
          to="services#it-consulting"
        >
          IT Consulting
        </router-link-stub>
      </nav>
    </div>
  </div>
</div>
`;
